[[Debit Card, Bad Credit], [Cash Lost In 'Em, Slot Machines], [School Master, The Classroom], [Mother-In-Law, Woman Hitler], [Your Mind, Rumoydin], [Parliament, Mental Pair, Ear Implant], [Bad Credit, Debit Card], [Slot Machines, Cash Lost In 'Em], [Mental Pair, Parliament, Ear Implant], [The Classroom, School Master], [Woman Hitler, Mother-In-Law], [Rumoydin, Your Mind], [Ear Implant, Parliament, Mental Pair]]